llama_context: n_ctx_per_seq (13000) < n_ctx_train (131072) -- the full capacity of the model will not be utilized
======================================================================
FINAL TEST: Cadence Neutralization + Affective Firewall + No Thoughts
======================================================================

[1/4] Loaded 34 modules
      [OK] CadenceNeutralization
      [OK] AffectiveFirewall
Loading model from F:/Agent/DeepSeek-R1/DeepSeek-R1-0528-Qwen3-8B-Q8_0.gguf...
Configuration:
  - GPU layers: -1
  - Context length: 13000
  - CPU threads: 4
Model loaded successfully.

[2/4] LLM loaded
[ToolRegistry] Registered tool: web_search

[3/4] Orchestrator initialized

[4/4] Processing: 'Analyze OpenAI'
======================================================================
[WebSearch] Extracted target from 'analyze': OpenAI
[WebSearch] Searching for context about: OpenAI
[WebSearch] Found 3 results for: OpenAI overview

=== Web Context Retrieved ===
[Web Context: OpenAI]

1. OpenAI - 2025 Company Profile, Team, Funding & Competitors - Tracxn
   Explore OpenAI 's in-depth company profile, including funding details, key investors, leadership, competitors, and acquisitions....
   Source: https://tracxn.com/d/companies/openai/__kElhSG7uVGeFk1i71Co9-nwFtmtyMVT7f-YHMn4TFBg

2. OpenAI AI technology page
   OpenAI Overview . About OpenAI OpenAI is a leading AI research lab founded in 2015, focused on creating friendly AGI (Artificial General Intelligence) that is safe and beneficial for humanity....
   Source: https://lablab.ai/tech/openai

3. Overview - OpenAI API
   An API for accessing new AI models developed by OpenAI ....
   Source: https://platform.openai.com/overview/ROOT.sql.7z

=== Trigger Analysis ===
Triggered 7 module(s): ['AffectiveFirewall', 'CadenceNeutralization', 'ModuleSweepEnforcer', 'StructuralFinalityEnforcer', 'CoercionStructureDetection', 'CultDetection', 'BluntTone']

=== Arbitration Result ===
Selected module: AffectiveFirewall (Tier 1)
Purpose: Prevent emotional appeals, user comfort considerations, and empathy-driven analysis softening

=== Final Prompt ===

[WEB CONTEXT]
[Web Context: OpenAI]

1. OpenAI - 2025 Company Profile, Team, Funding & Competitors - Tracxn
   Explore OpenAI 's in-depth company profile, including funding details, key investors, le...

=== LLM Execution ===

=== Output Audit ===
Audit Summary: 5/5 checks passed

=== Report Formatted with Checksum ===

======================================================================
VALIDATION CHECKS
======================================================================
[PASS] 7 sections present
[PASS] Checksum present
[PASS] Module sweep complete
[PASS] No hedging language
[PASS] No meta-commentary
[PASS] No softening language

======================================================================
SAMPLE OUTPUT (first 1500 chars)
======================================================================
[WEB CONTEXT]
[Web Context: OpenAI]

1. OpenAI - 2025 Company Profile, Team, Funding & Competitors - Tracxn
   Explore OpenAI 's in-depth company profile, including funding details, key investors, leadership, competitors, and acquisitions....
   Source: https://tracxn.com/d/companies/openai/__kElhSG7uVGeFk1i71Co9-nwFtmtyMVT7f-YHMn4TFBg

2. OpenAI AI technology page
   OpenAI Overview . About OpenAI OpenAI is a leading AI research lab founded in 2015, focused on creating friendly AGI (Artificial General Intelligence) that is safe and beneficial for humanity....
   Source: https://lablab.ai/tech/openai

3. Overview - OpenAI API
   An API for accessing new AI models developed by OpenAI ....
   Source: https://platform.openai.com/overview/ROOT.sql.7z

[Triggered Modules: AffectiveFirewall, BluntTone, CadenceNeutralization, CoercionStructureDetection, CultDetection, ModuleSweepEnforcer, StructuralFinalityEnforcer]

**SECTION 1: "The Narrative"**

[Triggered Modules: Power Structure Analysis, Ideological Systems]
OpenAI's foundational narrative declares a mission to create Artificial General Intelligence (AGI) that is safe and beneficial for humanity. The organization's initial structure, established in 2015, was designed around a non-profit model, with stated intent to prioritize AI safety and alignment. According to the 2025 company profile, OpenAI has maintained its position as a leading AI research lab, but the framing of its purpose has evolved to emphasize innovation and depl

======================================================================
[SUCCESS] All validation checks passed!
Format: Correct | Cadence: Neutral | Thoughts: Removed
======================================================================
